// Jest Snapshot v1, https://goo.gl/fbAQLP

exports[`RandomColor component renders RandomColor 1`] = `
<Fragment>
  <ColorDisplay
    backgroundColor="black"
  />
</Fragment>
`;
